2026-08-05 13:24:38 [main] INFO  UserTests - ==================reading user info====================
2026-08-05 13:24:41 [main] INFO  UserTests - ================== user info display===================
2026-08-05 13:24:41 [main] INFO  UserTests - ================== GetUserByName===================
2026-08-05 13:24:43 [main] INFO  UserTests - ================== display GetUserByName===================
2026-08-05 13:24:43 [main] INFO  UserTests - ================== UpdateUserByName===================
2026-08-05 13:24:45 [main] INFO  UserTests - ==================display UpdateUserByName===================
2026-08-05 13:24:45 [main] INFO  UserTests - ==================DeleteByUser===================
2026-08-05 13:24:46 [main] INFO  UserTests - ==================display DeleteByUser===================
2026-08-06 12:55:15 [main] INFO  UserTests - ==================reading user info====================
2026-08-06 12:55:21 [main] INFO  UserTests - ================== user info display===================
2026-08-06 12:55:21 [main] INFO  UserTests - ================== GetUserByName===================
2026-08-06 12:55:22 [main] INFO  UserTests - ================== display GetUserByName===================
2026-08-06 12:55:22 [main] INFO  UserTests - ================== UpdateUserByName===================
2026-08-06 12:55:25 [main] INFO  UserTests - ==================display UpdateUserByName===================
2026-08-06 12:55:25 [main] INFO  UserTests - ==================DeleteByUser===================
2026-08-06 12:55:27 [main] INFO  UserTests - ==================display DeleteByUser===================
2026-08-06 12:59:20 [main] INFO  UserTests2 - ==================reading user info====================
2026-08-06 12:59:23 [main] INFO  UserTests2 - ================== GetUserByName===================
2026-08-06 12:59:23 [main] INFO  UserTests2 - ================== UpdateUserByName===================
2026-08-06 12:59:23 [main] INFO  UserTests2 - ==================DeleteByUser===================
2026-08-06 13:00:53 [main] INFO  UserTests2 - ==================reading user info====================
2026-08-06 13:00:55 [main] INFO  UserTests2 - ================== GetUserByName===================
2026-08-06 13:00:55 [main] INFO  UserTests2 - ================== UpdateUserByName===================
2026-08-06 13:00:56 [main] INFO  UserTests2 - ==================DeleteByUser===================
2026-08-06 13:09:44 [main] INFO  UserTests2 - ==================reading user info====================
2026-08-06 13:09:48 [main] INFO  UserTests2 - ================== user info display===================
2026-08-06 13:09:48 [main] INFO  UserTests2 - ================== GetUserByName===================
2026-08-06 13:09:50 [main] INFO  UserTests2 - ================== display GetUserByName===================
2026-08-06 13:09:50 [main] INFO  UserTests2 - ================== UpdateUserByName===================
2026-08-06 13:09:52 [main] INFO  UserTests2 - ==================display UpdateUserByName===================
2026-08-06 13:09:52 [main] INFO  UserTests2 - ==================DeleteByUser===================
2026-08-06 13:09:54 [main] INFO  UserTests2 - ==================display DeleteByUser===================
2026-08-06 13:17:01 [main] INFO  UserTests2 - ==================reading user info====================
2026-08-06 13:17:08 [main] INFO  UserTests2 - ================== user info display===================
2026-08-06 13:17:08 [main] INFO  UserTests2 - ================== GetUserByName===================
2026-08-06 13:17:09 [main] INFO  UserTests2 - ================== display GetUserByName===================
2026-08-06 13:17:09 [main] INFO  UserTests2 - ================== UpdateUserByName===================
2026-08-06 13:17:12 [main] INFO  UserTests2 - ==================display UpdateUserByName===================
2026-08-06 13:17:12 [main] INFO  UserTests2 - ==================DeleteByUser===================
2026-08-06 13:17:13 [main] INFO  UserTests2 - ==================display DeleteByUser===================
2026-08-06 13:34:12 [main] INFO  UserTests2 - ==================reading user info====================
2026-08-06 13:34:16 [main] INFO  UserTests2 - ================== user info display===================
2026-08-06 13:34:16 [main] INFO  UserTests2 - ================== GetUserByName===================
2026-08-06 13:34:17 [main] INFO  UserTests2 - ================== display GetUserByName===================
2026-08-06 13:34:17 [main] INFO  UserTests2 - ================== UpdateUserByName===================
2026-08-06 13:34:20 [main] INFO  UserTests2 - ==================display UpdateUserByName===================
2026-08-06 13:34:20 [main] INFO  UserTests2 - ==================DeleteByUser===================
2026-08-06 13:34:22 [main] INFO  UserTests2 - ==================display DeleteByUser===================
